{
	"user_name": "shotaimoto",
	"password": "test"
}